
[2026-08-11 17:59:31] UNHANDLED EXCEPTION:
Traceback (most recent call last):
  File "C:\Users\Dev\Documents\APPS\lucaschessR6-main - TAURI\core\sidecar.py", line 13, in <module>
    start_sidecar(port)
  File "C:\Users\Dev\Documents\APPS\lucaschessR6-main - TAURI\core\sidecar.py", line 9, in start_sidecar
    uvicorn.run("core.api.main:app", host="127.0.0.1", port=port, reload=False)
  File "C:\Users\Dev\Documents\APPS\lucaschessR6-main - TAURI\.venv\Lib\site-packages\uvicorn\main.py", line 609, in run
    config.load_app()
  File "C:\Users\Dev\Documents\APPS\lucaschessR6-main - TAURI\.venv\Lib\site-packages\uvicorn\config.py", line 428, in load_app
    return import_from_string(self.app)
           ^^^^^^^^^^^^^^^^^^^^^^^^^^^^
  File "C:\Users\Dev\Documents\APPS\lucaschessR6-main - TAURI\.venv\Lib\site-packages\uvicorn\importer.py", line 22, in import_from_string
    raise exc from None
  File "C:\Users\Dev\Documents\APPS\lucaschessR6-main - TAURI\.venv\Lib\site-packages\uvicorn\importer.py", line 19, in import_from_string
    module = importlib.import_module(module_str)
             ^^^^^^^^^^^^^^^^^^^^^^^^^^^^^^^^^^^
  File "C:\Program Files\Python312\Lib\importlib\__init__.py", line 90, in import_module
    return _bootstrap._gcd_import(name[level:], package, level)
           ^^^^^^^^^^^^^^^^^^^^^^^^^^^^^^^^^^^^^^^^^^^^^^^^^^^^
  File "<frozen importlib._bootstrap>", line 1387, in _gcd_import
  File "<frozen importlib._bootstrap>", line 1360, in _find_and_load
  File "<frozen importlib._bootstrap>", line 1331, in _find_and_load_unlocked
  File "<frozen importlib._bootstrap>", line 935, in _load_unlocked
  File "<frozen importlib._bootstrap_external>", line 999, in exec_module
  File "<frozen importlib._bootstrap>", line 488, in _call_with_frames_removed
  File "C:\Users\Dev\Documents\APPS\lucaschessR6-main - TAURI\core\api\main.py", line 5, in <module>
    from core.persistence.database import GameRepository
  File "C:\Users\Dev\Documents\APPS\lucaschessR6-main - TAURI\core\persistence\database.py", line 11, in <module>
    from Code.Databases.DBgames import DBgames
  File "C:\Users\Dev\Documents\APPS\lucaschessR6-main - TAURI\bin\Code\Databases\DBgames.py", line 7, in <module>
    import FasterCode
ModuleNotFoundError: No module named 'FasterCode'
2026-08-11 17:59:31.410555
Traceback (most recent call last):
  File "C:\Users\Dev\Documents\APPS\lucaschessR6-main - TAURI\core\sidecar.py", line 13, in <module>
    start_sidecar(port)
  File "C:\Users\Dev\Documents\APPS\lucaschessR6-main - TAURI\core\sidecar.py", line 9, in start_sidecar
    uvicorn.run("core.api.main:app", host="127.0.0.1", port=port, reload=False)
  File "C:\Users\Dev\Documents\APPS\lucaschessR6-main - TAURI\.venv\Lib\site-packages\uvicorn\main.py", line 609, in run
    config.load_app()
  File "C:\Users\Dev\Documents\APPS\lucaschessR6-main - TAURI\.venv\Lib\site-packages\uvicorn\config.py", line 428, in load_app
    return import_from_string(self.app)
           ^^^^^^^^^^^^^^^^^^^^^^^^^^^^
  File "C:\Users\Dev\Documents\APPS\lucaschessR6-main - TAURI\.venv\Lib\site-packages\uvicorn\importer.py", line 22, in import_from_string
    raise exc from None
  File "C:\Users\Dev\Documents\APPS\lucaschessR6-main - TAURI\.venv\Lib\site-packages\uvicorn\importer.py", line 19, in import_from_string
    module = importlib.import_module(module_str)
             ^^^^^^^^^^^^^^^^^^^^^^^^^^^^^^^^^^^
  File "C:\Program Files\Python312\Lib\importlib\__init__.py", line 90, in import_module
    return _bootstrap._gcd_import(name[level:], package, level)
           ^^^^^^^^^^^^^^^^^^^^^^^^^^^^^^^^^^^^^^^^^^^^^^^^^^^^
  File "<frozen importlib._bootstrap>", line 1387, in _gcd_import
  File "<frozen importlib._bootstrap>", line 1360, in _find_and_load
  File "<frozen importlib._bootstrap>", line 1331, in _find_and_load_unlocked
  File "<frozen importlib._bootstrap>", line 935, in _load_unlocked
  File "<frozen importlib._bootstrap_external>", line 999, in exec_module
  File "<frozen importlib._bootstrap>", line 488, in _call_with_frames_removed
  File "C:\Users\Dev\Documents\APPS\lucaschessR6-main - TAURI\core\api\main.py", line 5, in <module>
    from core.persistence.database import GameRepository
  File "C:\Users\Dev\Documents\APPS\lucaschessR6-main - TAURI\core\persistence\database.py", line 11, in <module>
    from Code.Databases.DBgames import DBgames
  File "C:\Users\Dev\Documents\APPS\lucaschessR6-main - TAURI\bin\Code\Databases\DBgames.py", line 7, in <module>
    import FasterCode
ModuleNotFoundError: No module named 'FasterCode'
